[moltran.coderthemes.com/dark/index.html]
[backblue.gif]
[fade.gif]
[index.html]
[moltran.coderthemes.com/dark/assets/images/favicon_1.ico]
[moltran.coderthemes.com/dark/assets/vendor/sweetalert/dist/sweetalert.css]
[www.google-analytics.com/analytics.js]
[moltran.coderthemes.com/dark/assets/images/users/avatar-1.jpg]
[moltran.coderthemes.com/dark/assets/css/moltran.min.css]
[cdnjs.cloudflare.com/ajax/libs/modernizr/2.8.3/modernizr.min.js]
[moltran.coderthemes.com/dark/inbox.html]
[moltran.coderthemes.com/dark/email-compose.html]
[moltran.coderthemes.com/dark/email-read.html]
[moltran.coderthemes.com/dark/calendar.html]
[moltran.coderthemes.com/dark/typography.html]
[moltran.coderthemes.com/dark/buttons.html]
[moltran.coderthemes.com/dark/panels.html]
[moltran.coderthemes.com/dark/checkbox-radio.html]
[moltran.coderthemes.com/dark/tabs-accordions.html]
[moltran.coderthemes.com/dark/modals.html]
[moltran.coderthemes.com/dark/bootstrap-ui.html]
[moltran.coderthemes.com/dark/progressbars.html]
[moltran.coderthemes.com/dark/notification.html]
[moltran.coderthemes.com/dark/sweet-alert.html]
[moltran.coderthemes.com/dark/grid.html]
[moltran.coderthemes.com/dark/portlets.html]
[moltran.coderthemes.com/dark/widgets.html]
[moltran.coderthemes.com/dark/nestable-list.html]
[moltran.coderthemes.com/dark/ui-sliders.html]
[moltran.coderthemes.com/dark/gallery.html]
[moltran.coderthemes.com/dark/pricing.html]
[moltran.coderthemes.com/dark/material-icon.html]
[moltran.coderthemes.com/dark/ion-icons.html]
[moltran.coderthemes.com/dark/font-awesome.html]
[moltran.coderthemes.com/dark/form-elements.html]
[moltran.coderthemes.com/dark/form-validation.html]
[moltran.coderthemes.com/dark/form-advanced.html]
[moltran.coderthemes.com/dark/form-wizard.html]
[moltran.coderthemes.com/dark/form-editor.html]
[moltran.coderthemes.com/dark/code-editor.html]
[moltran.coderthemes.com/dark/form-uploads.html]
[moltran.coderthemes.com/dark/form-xeditable.html]
[moltran.coderthemes.com/dark/tables.html]
[moltran.coderthemes.com/dark/table-datatable.html]
[moltran.coderthemes.com/dark/tables-editable.html]
[moltran.coderthemes.com/dark/responsive-table.html]
[moltran.coderthemes.com/dark/morris-chart.html]
[moltran.coderthemes.com/dark/chartjs.html]
[moltran.coderthemes.com/dark/flot-chart.html]
[moltran.coderthemes.com/dark/peity-chart.html]
[moltran.coderthemes.com/dark/charts-sparkline.html]
[moltran.coderthemes.com/dark/chart-radial.html]
[moltran.coderthemes.com/dark/other-chart.html]
[moltran.coderthemes.com/dark/gmap.html]
[moltran.coderthemes.com/dark/vector-map.html]
[moltran.coderthemes.com/dark/profile.html]
[moltran.coderthemes.com/dark/timeline.html]
[moltran.coderthemes.com/dark/invoice.html]
[moltran.coderthemes.com/dark/email-template.html]
[moltran.coderthemes.com/dark/contact.html]
[moltran.coderthemes.com/dark/login.html]
[moltran.coderthemes.com/dark/register.html]
[moltran.coderthemes.com/dark/recoverpw.html]
[moltran.coderthemes.com/dark/lock-screen.html]
[moltran.coderthemes.com/dark/blank.html]
[moltran.coderthemes.com/dark/maintenance.html]
[moltran.coderthemes.com/dark/coming-soon.html]
[moltran.coderthemes.com/dark/404.html]
[moltran.coderthemes.com/dark/404_alt.html]
[moltran.coderthemes.com/dark/500.html]
[moltran.coderthemes.com/dark/assets/images/users/avatar-2.jpg]
[moltran.coderthemes.com/dark/assets/images/users/avatar-3.jpg]
[moltran.coderthemes.com/dark/assets/images/users/avatar-4.jpg]
[moltran.coderthemes.com/dark/assets/images/users/avatar-5.jpg]
[moltran.coderthemes.com/dark/assets/images/users/avatar-6.jpg]
[moltran.coderthemes.com/dark/assets/images/users/avatar-8.jpg]
[moltran.coderthemes.com/dark/assets/images/users/avatar-9.jpg]
[moltran.coderthemes.com/dark/assets/images/avatar-1.jpg]
[moltran.coderthemes.com/dark/assets/images/users/avatar-7.jpg]
[moltran.coderthemes.com/dark/assets/images/users/avatar-10.jpg]
[moltran.coderthemes.com/dark/assets/vendor/moment/moment.js]
[moltran.coderthemes.com/dark/assets/vendor/waypoints/lib/jquery.waypoints.js]
[moltran.coderthemes.com/dark/assets/js/moltran.min.js]
[moltran.coderthemes.com/dark/assets/plugins/counterup/jquery.counterup.min.js]
[moltran.coderthemes.com/dark/assets/vendor/sweetalert/dist/sweetalert.min.js]
[moltran.coderthemes.com/dark/assets/plugins/flot-chart/jquery.flot.js]
[moltran.coderthemes.com/dark/assets/plugins/flot-chart/jquery.flot.time.js]
[moltran.coderthemes.com/dark/assets/plugins/flot-chart/jquery.flot.tooltip.min.js]
[moltran.coderthemes.com/dark/assets/plugins/flot-chart/jquery.flot.resize.js]
[moltran.coderthemes.com/dark/assets/plugins/flot-chart/jquery.flot.pie.js]
[moltran.coderthemes.com/dark/assets/plugins/flot-chart/jquery.flot.selection.js]
[moltran.coderthemes.com/dark/assets/plugins/flot-chart/jquery.flot.stack.js]
[moltran.coderthemes.com/dark/assets/plugins/flot-chart/jquery.flot.crosshair.js]
[moltran.coderthemes.com/dark/assets/pages/jquery.todo.js]
[moltran.coderthemes.com/dark/assets/pages/jquery.chat.js]
[moltran.coderthemes.com/dark/index.html]
[moltran.coderthemes.com/dark/assets/vendor/sweetalert/dist/sweetalert.css]
[moltran.coderthemes.com/dark/assets/pages/jquery.dashboard.js]
[moltran.coderthemes.com/dark/assets/vendor/font-awesome/fonts/fontawesome-webfont93e3.eot]
[moltran.coderthemes.com/dark/assets/vendor/font-awesome/fonts/fontawesome-webfontd41d.eot]
[moltran.coderthemes.com/dark/assets/vendor/font-awesome/fonts/fontawesome-webfont93e3.woff2]
[moltran.coderthemes.com/dark/assets/vendor/font-awesome/fonts/fontawesome-webfont93e3.woff]
[moltran.coderthemes.com/dark/assets/vendor/font-awesome/fonts/fontawesome-webfont93e3.ttf]
[moltran.coderthemes.com/dark/assets/vendor/ionicons/fonts/ioniconsbab9.eot]
[moltran.coderthemes.com/dark/assets/vendor/font-awesome/fonts/fontawesome-webfont93e3.svg]
[moltran.coderthemes.com/dark/assets/vendor/ionicons/fonts/ioniconsbab9.ttf]
[moltran.coderthemes.com/dark/assets/vendor/ionicons/fonts/ioniconsbab9.woff]
[moltran.coderthemes.com/dark/assets/vendor/ionicons/fonts/ioniconsbab9.svg]
[moltran.coderthemes.com/dark/assets/fonts/Material-Design-Iconic-Fontf700.eot]
[moltran.coderthemes.com/dark/assets/fonts/Material-Design-Iconic-Fontd41d.eot]
[moltran.coderthemes.com/dark/assets/fonts/Material-Design-Iconic-Fontf700.woff]
[moltran.coderthemes.com/dark/assets/fonts/Material-Design-Iconic-Fontf700.ttf]
[moltran.coderthemes.com/dark/assets/images/small/bg.jpg]
[moltran.coderthemes.com/dark/assets/fonts/Material-Design-Iconic-Fontf700.svg]
[moltran.coderthemes.com/dark/assets/css/moltran.min.css]
[moltran.coderthemes.com/dark/inbox.html]
[moltran.coderthemes.com/dark/assets/plugins/bootstrap-wysihtml5/bootstrap-wysihtml5.css]
[moltran.coderthemes.com/dark/email-compose.html]
[moltran.coderthemes.com/dark/assets/plugins/bootstrap-wysihtml5/bootstrap-wysihtml5.js]
[moltran.coderthemes.com/dark/assets/images/small/img1.jpg]
[moltran.coderthemes.com/dark/assets/images/small/img2.jpg]
[moltran.coderthemes.com/dark/assets/plugins/bootstrap-wysihtml5/wysihtml5-0.3.0.js]
[moltran.coderthemes.com/dark/assets/images/small/img3.jpg]
[moltran.coderthemes.com/dark/email-read.html]
[moltran.coderthemes.com/dark/assets/vendor/fullcalendar/dist/fullcalendar.css]
[moltran.coderthemes.com/dark/assets/vendor/select2/dist/css/select2.css]
[moltran.coderthemes.com/dark/assets/vendor/jquery-ui/jquery-ui.min.js]
[moltran.coderthemes.com/dark/assets/vendor/select2/dist/js/select2.min.js]
[moltran.coderthemes.com/dark/assets/vendor/fullcalendar/dist/fullcalendar.min.js]
[moltran.coderthemes.com/dark/calendar.html]
[moltran.coderthemes.com/dark/typography.html]
[moltran.coderthemes.com/dark/buttons.html]
[moltran.coderthemes.com/dark/panels.html]
[moltran.coderthemes.com/dark/checkbox-radio.html]
[moltran.coderthemes.com/dark/tabs-accordions.html]
[moltran.coderthemes.com/dark/assets/pages/jquery.fullcalendar.js]
[moltran.coderthemes.com/dark/assets/plugins/modal-effect/css/component.css]
[moltran.coderthemes.com/dark/assets/plugins/modal-effect/js/classie.js]
[moltran.coderthemes.com/dark/modals.html]
[moltran.coderthemes.com/dark/bootstrap-ui.html]
[moltran.coderthemes.com/dark/progressbars.html]
[moltran.coderthemes.com/dark/assets/plugins/modal-effect/js/modalEffects.js]
[moltran.coderthemes.com/dark/assets/plugins/notifications/notification.css]
[moltran.coderthemes.com/dark/assets/vendor/notifyjs/dist/notify.min.js]
[moltran.coderthemes.com/dark/assets/plugins/notifications/notify-metro.js]
[moltran.coderthemes.com/dark/notification.html]
[moltran.coderthemes.com/dark/assets/plugins/notifications/notifications.js]
[moltran.coderthemes.com/dark/sweet-alert.html]
[moltran.coderthemes.com/dark/grid.html]
[moltran.coderthemes.com/dark/portlets.html]
[moltran.coderthemes.com/dark/assets/pages/jquery.sweet-alert.init.js]
[moltran.coderthemes.com/dark/widgets.html]
[moltran.coderthemes.com/dark/assets/plugins/skyicons/skycons.min.js]
[moltran.coderthemes.com/dark/assets/plugins/nestable/jquery.nestable.css]
[moltran.coderthemes.com/dark/assets/plugins/nestable/jquery.nestable.js]
[moltran.coderthemes.com/dark/nestable-list.html]
[moltran.coderthemes.com/dark/assets/pages/nestable.js]
[moltran.coderthemes.com/dark/assets/plugins/ion-rangeslider/ion.rangeSlider.css]
[moltran.coderthemes.com/dark/assets/plugins/ion-rangeslider/ion.rangeSlider.skinFlat.css]
[moltran.coderthemes.com/dark/assets/plugins/ion-rangeslider/ion.rangeSlider.min.js]
[moltran.coderthemes.com/dark/ui-sliders.html]
[moltran.coderthemes.com/dark/assets/pages/jquery.ui-sliders.js]
[moltran.coderthemes.com/dark/assets/vendor/magnific-popup/dist/magnific-popup.css]
[moltran.coderthemes.com/dark/assets/images/gallery/1.jpg]
[moltran.coderthemes.com/dark/assets/images/gallery/2.jpg]
[moltran.coderthemes.com/dark/assets/images/gallery/3.jpg]
[moltran.coderthemes.com/dark/assets/images/gallery/4.jpg]
[moltran.coderthemes.com/dark/assets/images/gallery/5.jpg]
[moltran.coderthemes.com/dark/assets/images/gallery/6.jpg]
[moltran.coderthemes.com/dark/assets/images/gallery/7.jpg]
[moltran.coderthemes.com/dark/assets/images/gallery/8.jpg]
[moltran.coderthemes.com/dark/assets/images/gallery/9.jpg]
[moltran.coderthemes.com/dark/assets/images/gallery/10.jpg]
[moltran.coderthemes.com/dark/assets/images/gallery/11.jpg]
[moltran.coderthemes.com/dark/assets/images/gallery/12.jpg]
[moltran.coderthemes.com/dark/assets/vendor/isotope/dist/isotope.pkgd.min.js]
[moltran.coderthemes.com/dark/gallery.html]
[moltran.coderthemes.com/dark/pricing.html]
[moltran.coderthemes.com/dark/material-icon.html]
[moltran.coderthemes.com/dark/ion-icons.html]
[moltran.coderthemes.com/dark/font-awesome.html]
[moltran.coderthemes.com/dark/form-elements.html]
[moltran.coderthemes.com/dark/assets/vendor/magnific-popup/dist/jquery.magnific-popup.min.js]
[moltran.coderthemes.com/dark/assets/vendor/jquery-validation/dist/jquery.validate.min.js]
[moltran.coderthemes.com/dark/form-validation.html]
[moltran.coderthemes.com/dark/assets/pages/form-validation-init.js]
[moltran.coderthemes.com/dark/assets/plugins/tagsinput/jquery.tagsinput.css]
[moltran.coderthemes.com/dark/assets/plugins/toggles/toggles.css]
[moltran.coderthemes.com/dark/assets/plugins/timepicker/bootstrap-timepicker.min.css]
[moltran.coderthemes.com/dark/assets/vendor/bootstrap-datepicker/dist/css/bootstrap-datepicker.min.css]
[moltran.coderthemes.com/dark/assets/plugins/colorpicker/colorpicker.css]
[moltran.coderthemes.com/dark/assets/plugins/jquery-multi-select/multi-select.css]
[moltran.coderthemes.com/dark/assets/vendor/select2/dist/css/select2.min.css]
[moltran.coderthemes.com/dark/assets/plugins/tagsinput/jquery.tagsinput.min.js]
[moltran.coderthemes.com/dark/assets/plugins/toggles/toggles.min.js]
[moltran.coderthemes.com/dark/assets/plugins/timepicker/bootstrap-timepicker.min.js]
[moltran.coderthemes.com/dark/assets/vendor/bootstrap-datepicker/js/bootstrap-datepicker.js]
[moltran.coderthemes.com/dark/assets/plugins/colorpicker/bootstrap-colorpicker.js]
[moltran.coderthemes.com/dark/assets/plugins/jquery-multi-select/jquery.multi-select.js]
[moltran.coderthemes.com/dark/assets/plugins/jquery-multi-select/jquery.quicksearch.js]
[moltran.coderthemes.com/dark/assets/plugins/bootstrap-inputmask/bootstrap-inputmask.min.js]
[moltran.coderthemes.com/dark/form-advanced.html]
[moltran.coderthemes.com/dark/assets/plugins/spinner/spinner.min.js]
[moltran.coderthemes.com/dark/assets/vendor/jquery.steps/demo/css/jquery.steps.css]
[moltran.coderthemes.com/dark/assets/vendor/jquery.steps/build/jquery.steps.min.js]
[moltran.coderthemes.com/dark/form-wizard.html]
[moltran.coderthemes.com/dark/assets/pages/jquery.wizard-init.js]
[moltran.coderthemes.com/dark/assets/vendor/bootstrapvalidator/dist/js/bootstrapValidator.js]
[moltran.coderthemes.com/dark/assets/vendor/summernote/dist/summernote.css]
[moltran.coderthemes.com/dark/form-editor.html]
[moltran.coderthemes.com/dark/assets/vendor/summernote/dist/summernote.min.js]
[moltran.coderthemes.com/dark/assets/plugins/codemirror/codemirror.css]
[moltran.coderthemes.com/dark/assets/plugins/codemirror/ambiance.css]
[moltran.coderthemes.com/dark/assets/plugins/codemirror/formatting.js]
[moltran.coderthemes.com/dark/assets/plugins/codemirror/codemirror.js]
[moltran.coderthemes.com/dark/assets/plugins/codemirror/xml.js]
[moltran.coderthemes.com/dark/assets/plugins/codemirror/javascript.js]
[moltran.coderthemes.com/dark/code-editor.html]
[moltran.coderthemes.com/dark/assets/plugins/codemirror/custom.codemirror.js]
[moltran.coderthemes.com/dark/assets/vendor/dropzone/dist/dropzone.css]
[moltran.coderthemes.com/dark/form-uploads.html]
[moltran.coderthemes.com/dark/assets/vendor/dropzone/dist/dropzone.js]
[moltran.coderthemes.com/dark/assets/vendor/x-editable/dist/bootstrap3-editable/css/bootstrap-editable.css]
[moltran.coderthemes.com/dark/assets/vendor/x-editable/dist/bootstrap3-editable/js/bootstrap-editable.min.js]
[moltran.coderthemes.com/dark/form-xeditable.html]
[moltran.coderthemes.com/dark/tables.html]
[moltran.coderthemes.com/dark/assets/pages/jquery.xeditable.js]
[moltran.coderthemes.com/dark/assets/plugins/datatables/jquery.dataTables.min.css]
[moltran.coderthemes.com/dark/table-datatable.html]
[moltran.coderthemes.com/dark/assets/plugins/datatables/jquery.dataTables.min.js]
[moltran.coderthemes.com/dark/assets/plugins/datatables/dataTables.bootstrap.js]
[moltran.coderthemes.com/dark/assets/plugins/jquery-datatables-editable/datatables.css]
[moltran.coderthemes.com/dark/tables-editable.html]
[moltran.coderthemes.com/dark/assets/pages/datatables.editable.init.js]
[moltran.coderthemes.com/dark/assets/vendor/RWD-Table-Patterns/dist/css/rwd-table.min.css]
[moltran.coderthemes.com/dark/responsive-table.html]
[moltran.coderthemes.com/dark/assets/plugins/jquery-datatables-editable/jquery.dataTables.js]
[moltran.coderthemes.com/dark/assets/vendor/RWD-Table-Patterns/dist/js/rwd-table.min.js]
[moltran.coderthemes.com/dark/assets/vendor/morris.js/morris.css]
[moltran.coderthemes.com/dark/assets/vendor/morris.js/morris.min.js]
[moltran.coderthemes.com/dark/morris-chart.html]
[moltran.coderthemes.com/dark/assets/vendor/raphael/raphael-min.js]
[moltran.coderthemes.com/dark/assets/pages/morris.init.js]
[moltran.coderthemes.com/dark/assets/vendor/Chart.js/Chart.min.js]
[moltran.coderthemes.com/dark/chartjs.html]
[moltran.coderthemes.com/dark/assets/pages/chartjs.init.js]
[moltran.coderthemes.com/dark/flot-chart.html]
[moltran.coderthemes.com/dark/assets/pages/jquery.flot.init.js]
[moltran.coderthemes.com/dark/assets/vendor/peity/jquery.peity.min.js]
[moltran.coderthemes.com/dark/peity-chart.html]
[moltran.coderthemes.com/dark/assets/pages/jquery.peity.init.js]
[moltran.coderthemes.com/dark/assets/plugins/jquery-sparkline/jquery.sparkline.min.js]
[moltran.coderthemes.com/dark/charts-sparkline.html]
[moltran.coderthemes.com/dark/assets/pages/jquery.charts-sparkline.js]
[moltran.coderthemes.com/dark/chart-radial.html]
[moltran.coderthemes.com/dark/assets/plugins/radial/radial.css]
[moltran.coderthemes.com/dark/assets/vendor/jquery.easy-pie-chart/dist/easypiechart.min.js]
[moltran.coderthemes.com/dark/assets/vendor/jquery.easy-pie-chart/dist/jquery.easypiechart.min.js]
[moltran.coderthemes.com/dark/assets/pages/easy-pie-chart.init.js]
[moltran.coderthemes.com/dark/assets/plugins/jquery-knob/excanvas.js]
[moltran.coderthemes.com/dark/other-chart.html]
[moltran.coderthemes.com/dark/assets/plugins/jquery-knob/jquery.knob.js]
[moltran.coderthemes.com/dark/assets/vendor/gmaps/gmaps.min.js]
[moltran.coderthemes.com/dark/gmap.html]
[moltran.coderthemes.com/dark/assets/pages/jquery.gmaps.js]
[moltran.coderthemes.com/dark/assets/plugins/jvectormap/jquery-jvectormap-2.0.2.css]
[moltran.coderthemes.com/dark/assets/plugins/jvectormap/jquery-jvectormap-2.0.2.min.js]
[moltran.coderthemes.com/dark/assets/plugins/jvectormap/gdp-data.js]
[moltran.coderthemes.com/dark/assets/plugins/jvectormap/jquery-jvectormap-world-mill-en.js]
[moltran.coderthemes.com/dark/assets/plugins/jvectormap/jquery-jvectormap-us-aea-en.js]
[moltran.coderthemes.com/dark/assets/plugins/jvectormap/jquery-jvectormap-uk-mill-en.js]
[moltran.coderthemes.com/dark/assets/plugins/jvectormap/jquery-jvectormap-europe-mill-en.js]
[moltran.coderthemes.com/dark/assets/plugins/jvectormap/jquery-jvectormap-us-il-chicago-mill-en.js]
[moltran.coderthemes.com/dark/vector-map.html]
[moltran.coderthemes.com/dark/assets/pages/jvectormap.init.js]
[moltran.coderthemes.com/dark/assets/images/big/bg.jpg]
[moltran.coderthemes.com/dark/profile.html]
[moltran.coderthemes.com/dark/timeline.html]
[moltran.coderthemes.com/dark/assets/images/logo_dark.png]
[moltran.coderthemes.com/dark/invoice.html]
[moltran.coderthemes.com/dark/email-template.html]
[moltran.coderthemes.com/dark/contact.html]
[moltran.coderthemes.com/dark/login.html]
[moltran.coderthemes.com/dark/register.html]
[moltran.coderthemes.com/dark/recoverpw.html]
[moltran.coderthemes.com/dark/lock-screen.html]
[moltran.coderthemes.com/dark/blank.html]
[moltran.coderthemes.com/dark/maintenance.html]
[moltran.coderthemes.com/dark/assets/vendor/countdown/dest/jquery.countdown.min.js]
[moltran.coderthemes.com/dark/coming-soon.html]
[moltran.coderthemes.com/dark/404.html]
[moltran.coderthemes.com/dark/404_alt.html]
[moltran.coderthemes.com/dark/500.html]
[moltran.coderthemes.com/dark/assets/plugins/simple-text-rotator/jquery.simple-text-rotator.min.js]
[moltran.coderthemes.com/dark/assets/js/moltran.min.js]
[moltran.coderthemes.com/dark/assets/vendor/moment/moment.js]
[moltran.coderthemes.com/dark/assets/vendor/waypoints/lib/jquery.waypoints.js]
[moltran.coderthemes.com/dark/assets/plugins/counterup/jquery.counterup.min.js]
[moltran.coderthemes.com/dark/assets/vendor/sweetalert/dist/sweetalert.min.js]
[moltran.coderthemes.com/dark/assets/plugins/flot-chart/jquery.flot.js]
[moltran.coderthemes.com/dark/assets/plugins/flot-chart/jquery.flot.time.js]
[moltran.coderthemes.com/dark/assets/plugins/flot-chart/jquery.flot.tooltip.min.js]
[moltran.coderthemes.com/dark/assets/plugins/flot-chart/jquery.flot.resize.js]
[moltran.coderthemes.com/dark/assets/plugins/flot-chart/jquery.flot.pie.js]
[moltran.coderthemes.com/dark/assets/plugins/flot-chart/jquery.flot.selection.js]
[moltran.coderthemes.com/dark/assets/plugins/flot-chart/jquery.flot.stack.js]
[moltran.coderthemes.com/dark/assets/plugins/flot-chart/jquery.flot.crosshair.js]
[moltran.coderthemes.com/dark/assets/pages/jquery.todo.js]
[moltran.coderthemes.com/dark/assets/pages/jquery.chat.js]
[moltran.coderthemes.com/dark/assets/pages/jquery.dashboard.js]
[moltran.coderthemes.com/dark/assets/vendor/font-awesome/fonts/fontawesome-webfont93e3.svg]
[moltran.coderthemes.com/dark/assets/vendor/ionicons/fonts/ioniconsbab9.svg]
[moltran.coderthemes.com/dark/assets/fonts/Material-Design-Iconic-Fontf700.svg]
[moltran.coderthemes.com/dark/assets/plugins/bootstrap-wysihtml5/bootstrap-wysihtml5.css]
[moltran.coderthemes.com/dark/assets/plugins/bootstrap-wysihtml5/wysihtml5-0.3.0.js]
[moltran.coderthemes.com/dark/assets/plugins/bootstrap-wysihtml5/bootstrap-wysihtml5.js]
[moltran.coderthemes.com/dark/assets/vendor/fullcalendar/dist/fullcalendar.css]
[moltran.coderthemes.com/dark/assets/vendor/select2/dist/css/select2.css]
[moltran.coderthemes.com/dark/assets/vendor/jquery-ui/jquery-ui.min.js]
[moltran.coderthemes.com/dark/assets/vendor/select2/dist/js/select2.min.js]
[moltran.coderthemes.com/dark/assets/vendor/fullcalendar/dist/fullcalendar.min.js]
[moltran.coderthemes.com/dark/assets/pages/jquery.fullcalendar.js]
[moltran.coderthemes.com/dark/assets/plugins/modal-effect/css/component.css]
[moltran.coderthemes.com/dark/assets/plugins/modal-effect/js/classie.js]
[moltran.coderthemes.com/dark/assets/plugins/modal-effect/js/modalEffects.js]
[moltran.coderthemes.com/dark/assets/plugins/notifications/notification.css]
[moltran.coderthemes.com/dark/assets/vendor/notifyjs/dist/notify.min.js]
[moltran.coderthemes.com/dark/assets/plugins/notifications/notify-metro.js]
[moltran.coderthemes.com/dark/assets/plugins/notifications/notifications.js]
[moltran.coderthemes.com/dark/assets/pages/jquery.sweet-alert.init.js]
[moltran.coderthemes.com/dark/assets/plugins/skyicons/skycons.min.js]
[moltran.coderthemes.com/dark/assets/plugins/nestable/jquery.nestable.css]
[moltran.coderthemes.com/dark/assets/plugins/nestable/jquery.nestable.js]
[moltran.coderthemes.com/dark/assets/pages/nestable.js]
[moltran.coderthemes.com/dark/assets/plugins/ion-rangeslider/ion.rangeSlider.css]
[moltran.coderthemes.com/dark/assets/plugins/ion-rangeslider/ion.rangeSlider.skinFlat.css]
[moltran.coderthemes.com/dark/assets/plugins/ion-rangeslider/ion.rangeSlider.min.js]
[moltran.coderthemes.com/dark/assets/pages/jquery.ui-sliders.js]
[moltran.coderthemes.com/dark/assets/vendor/magnific-popup/dist/magnific-popup.css]
[moltran.coderthemes.com/dark/assets/vendor/isotope/dist/isotope.pkgd.min.js]
[moltran.coderthemes.com/dark/assets/vendor/magnific-popup/dist/jquery.magnific-popup.min.js]
[moltran.coderthemes.com/dark/assets/vendor/jquery-validation/dist/jquery.validate.min.js]
[moltran.coderthemes.com/dark/assets/pages/form-validation-init.js]
[moltran.coderthemes.com/dark/assets/plugins/tagsinput/jquery.tagsinput.css]
[moltran.coderthemes.com/dark/assets/plugins/toggles/toggles.css]
[moltran.coderthemes.com/dark/assets/plugins/timepicker/bootstrap-timepicker.min.css]
[moltran.coderthemes.com/dark/assets/vendor/bootstrap-datepicker/dist/css/bootstrap-datepicker.min.css]
[moltran.coderthemes.com/dark/assets/plugins/ion-rangeslider/sprite-skin-flat.png]
[moltran.coderthemes.com/dark/index-2.html]
[moltran.coderthemes.com/dark/assets/plugins/colorpicker/img/saturation.png]
[moltran.coderthemes.com/dark/assets/plugins/colorpicker/img/hue.png]
[moltran.coderthemes.com/dark/assets/plugins/colorpicker/img/alpha.png]
[moltran.coderthemes.com/dark/assets/plugins/colorpicker/colorpicker.css]
[moltran.coderthemes.com/dark/assets/plugins/jquery-multi-select/img/switch.png]
[moltran.coderthemes.com/dark/assets/plugins/jquery-multi-select/multi-select.css]
[moltran.coderthemes.com/dark/assets/vendor/select2/dist/css/select2.min.css]
[moltran.coderthemes.com/dark/assets/plugins/tagsinput/jquery.tagsinput.min.js]
[moltran.coderthemes.com/dark/assets/plugins/toggles/toggles.min.js]
[moltran.coderthemes.com/dark/assets/plugins/timepicker/bootstrap-timepicker.min.js]
[moltran.coderthemes.com/dark/assets/vendor/bootstrap-datepicker/js/bootstrap-datepicker.js]
[moltran.coderthemes.com/dark/assets/plugins/colorpicker/bootstrap-colorpicker.js]
[moltran.coderthemes.com/dark/assets/plugins/jquery-multi-select/jquery.multi-select.js]
[moltran.coderthemes.com/dark/assets/plugins/jquery-multi-select/jquery.quicksearch.js]
[moltran.coderthemes.com/dark/assets/plugins/bootstrap-inputmask/bootstrap-inputmask.min.js]
[moltran.coderthemes.com/dark/assets/plugins/spinner/spinner.min.js]
[moltran.coderthemes.com/dark/assets/vendor/jquery.steps/demo/css/jquery.steps.css]
[moltran.coderthemes.com/dark/assets/vendor/bootstrapvalidator/dist/js/bootstrapValidator.js]
[moltran.coderthemes.com/dark/assets/vendor/jquery.steps/build/jquery.steps.min.js]
[moltran.coderthemes.com/dark/assets/pages/jquery.wizard-init.js]
[moltran.coderthemes.com/dark/assets/vendor/summernote/dist/summernote.css]
[moltran.coderthemes.com/dark/assets/vendor/summernote/dist/summernote.min.js]
[moltran.coderthemes.com/dark/assets/plugins/codemirror/codemirror.css]
[moltran.coderthemes.com/dark/assets/plugins/codemirror/ambiance.css]
[moltran.coderthemes.com/dark/assets/plugins/codemirror/codemirror.js]
[moltran.coderthemes.com/dark/assets/plugins/codemirror/formatting.js]
[moltran.coderthemes.com/dark/assets/plugins/codemirror/xml.js]
[moltran.coderthemes.com/dark/assets/plugins/codemirror/javascript.js]
[moltran.coderthemes.com/dark/assets/plugins/codemirror/custom.codemirror.js]
[moltran.coderthemes.com/dark/assets/vendor/dropzone/dist/dropzone.css]
[moltran.coderthemes.com/dark/assets/vendor/dropzone/dist/dropzone.js]
[moltran.coderthemes.com/dark/assets/vendor/x-editable/dist/bootstrap3-editable/img/loading.gif]
[moltran.coderthemes.com/dark/assets/vendor/x-editable/dist/bootstrap3-editable/img/clear.png]
[moltran.coderthemes.com/dark/assets/vendor/x-editable/dist/bootstrap3-editable/css/bootstrap-editable.css]
[moltran.coderthemes.com/dark/assets/vendor/x-editable/dist/bootstrap3-editable/js/bootstrap-editable.min.js]
[moltran.coderthemes.com/dark/assets/pages/jquery.xeditable.js]
[moltran.coderthemes.com/dark/assets/plugins/datatables/jquery.dataTables.min.css]
[moltran.coderthemes.com/dark/assets/plugins/datatables/jquery.dataTables.min.js]
[moltran.coderthemes.com/dark/assets/plugins/datatables/dataTables.bootstrap.js]
[moltran.coderthemes.com/dark/assets/plugins/jquery-datatables-editable/datatables.css]
[moltran.coderthemes.com/dark/assets/plugins/jquery-datatables-editable/jquery.dataTables.js]
[moltran.coderthemes.com/dark/assets/pages/datatables.editable.init.js]
[moltran.coderthemes.com/dark/assets/vendor/RWD-Table-Patterns/dist/css/rwd-table.min.css]
[moltran.coderthemes.com/dark/assets/vendor/RWD-Table-Patterns/dist/js/rwd-table.min.js]
[moltran.coderthemes.com/dark/assets/vendor/morris.js/morris.css]
[moltran.coderthemes.com/dark/assets/vendor/morris.js/morris.min.js]
[moltran.coderthemes.com/dark/assets/vendor/raphael/raphael-min.js]
[moltran.coderthemes.com/dark/assets/pages/morris.init.js]
[moltran.coderthemes.com/dark/assets/vendor/Chart.js/Chart.min.js]
[moltran.coderthemes.com/dark/assets/pages/chartjs.init.js]
[moltran.coderthemes.com/dark/assets/pages/jquery.flot.init.js]
[moltran.coderthemes.com/dark/assets/vendor/peity/jquery.peity.min.js]
[moltran.coderthemes.com/dark/assets/pages/jquery.peity.init.js]
[moltran.coderthemes.com/dark/assets/plugins/jquery-sparkline/jquery.sparkline.min.js]
[moltran.coderthemes.com/dark/assets/pages/jquery.charts-sparkline.js]
[moltran.coderthemes.com/dark/assets/plugins/radial/radial.css]
[moltran.coderthemes.com/dark/assets/vendor/jquery.easy-pie-chart/dist/easypiechart.min.js]
[moltran.coderthemes.com/dark/assets/vendor/jquery.easy-pie-chart/dist/jquery.easypiechart.min.js]
[moltran.coderthemes.com/dark/assets/pages/easy-pie-chart.init.js]
[moltran.coderthemes.com/dark/assets/plugins/jquery-knob/excanvas.js]
[moltran.coderthemes.com/dark/assets/plugins/jquery-knob/jquery.knob.js]
[moltran.coderthemes.com/dark/assets/vendor/gmaps/gmaps.min.js]
[moltran.coderthemes.com/dark/assets/pages/jquery.gmaps.js]
[moltran.coderthemes.com/dark/assets/plugins/jvectormap/jquery-jvectormap-2.0.2.css]
[moltran.coderthemes.com/dark/assets/plugins/jvectormap/jquery-jvectormap-2.0.2.min.js]
[moltran.coderthemes.com/dark/assets/plugins/jvectormap/jquery-jvectormap-world-mill-en.js]
[moltran.coderthemes.com/dark/assets/plugins/jvectormap/gdp-data.js]
[moltran.coderthemes.com/dark/assets/plugins/jvectormap/jquery-jvectormap-us-aea-en.js]
[moltran.coderthemes.com/dark/assets/plugins/jvectormap/jquery-jvectormap-europe-mill-en.js]
[moltran.coderthemes.com/dark/assets/plugins/jvectormap/jquery-jvectormap-uk-mill-en.js]
[moltran.coderthemes.com/dark/assets/plugins/jvectormap/jquery-jvectormap-us-il-chicago-mill-en.js]
[moltran.coderthemes.com/dark/assets/pages/jvectormap.init.js]
[moltran.coderthemes.com/dark/assets/vendor/jquery.stellar/jquery.stellar.min.html]
[moltran.coderthemes.com/dark/assets/vendor/countdown/dest/jquery.countdown.min.js]
[moltran.coderthemes.com/dark/assets/plugins/simple-text-rotator/jquery.simple-text-rotator.min.js]
[moltran.coderthemes.com/dark/Popover requires tooltip.html]
[moltran.coderthemes.com/dark/AppleWebKit/index.html]
[moltran.coderthemes.com/dark/Chrome/index.html]
[moltran.coderthemes.com/dark/Opera/index.html]
[moltran.coderthemes.com/dark/hpwos/index.html]
[moltran.coderthemes.com/dark/_.html]
[moltran.coderthemes.com/dark/index-2.html]
[moltran.coderthemes.com/dark/clipboard.html]
[moltran.coderthemes.com/dark/image/index.html]
[moltran.coderthemes.com/dark/countdown.html]
